// Jest Snapshot v1, https://goo.gl/fbAQLP

exports[`<Home /> renders consistently 1`] = `
<DocumentFragment>
  <div
    class="ion-page"
  >
    <ion-header>
      <ion-toolbar>
        <ion-title>
          Tea Categories
        </ion-title>
      </ion-toolbar>
    </ion-header>
    <ion-content>
      <ion-fab
        horizontal="end"
        slot="fixed"
        vertical="bottom"
      >
        <ion-fab-button>
          <ion-icon
            icon="data:image/svg+xml;utf8,<svg xmlns='http://www.w3.org/2000/svg' class='ionicon' viewBox='0 0 512 512'><title>Add</title><path stroke-linecap='round' stroke-linejoin='round' d='M256 112v288M400 256H112' class='ionicon-fill-none ionicon-stroke-width'/></svg>"
          />
        </ion-fab-button>
      </ion-fab>
      <ion-list>
        <ion-item-sliding>
          <ion-item>
            <ion-label>
              <div />
              <div />
            </ion-label>
          </ion-item>
          <ion-item-options>
            <ion-item-option />
          </ion-item-options>
        </ion-item-sliding>
      </ion-list>
    </ion-content>
  </div>
</DocumentFragment>
`;
